19:19:51 tier=T0 phase=focus hold=none prompts=0 left=60s
19:19:53 tier=T0 phase=focus hold=none prompts=0 left=58s
19:19:55 tier=T0 phase=focus hold=none prompts=0 left=56s
19:19:57 tier=T0 phase=focus hold=none prompts=0 left=54s
19:19:59 tier=T0 phase=focus hold=none prompts=0 left=52s
19:20:01 tier=T0 phase=focus hold=none prompts=0 left=50s
19:20:03 tier=T0 phase=focus hold=none prompts=0 left=48s
19:20:05 tier=T0 phase=focus hold=none prompts=0 left=46s
19:20:07 tier=T0 phase=focus hold=none prompts=0 left=44s
19:20:09 tier=T0 phase=focus hold=none prompts=0 left=42s
19:20:11 tier=T0 phase=focus hold=none prompts=0 left=40s
19:20:13 tier=T0 phase=focus hold=none prompts=0 left=38s
19:20:15 tier=T0 phase=focus hold=none prompts=0 left=36s
19:20:17 tier=T0 phase=focus hold=none prompts=0 left=34s
19:20:20 tier=T0 phase=focus hold=none prompts=0 left=31s
19:20:22 tier=T0 phase=focus hold=none prompts=0 left=29s
19:20:24 tier=T0 phase=focus hold=none prompts=0 left=27s
19:20:26 tier=T0 phase=focus hold=none prompts=0 left=25s
19:20:28 tier=T0 phase=focus hold=none prompts=0 left=23s
19:20:30 tier=T0 phase=focus hold=none prompts=0 left=21s
19:20:32 tier=T0 phase=focus hold=none prompts=0 left=19s
19:20:34 tier=T0 phase=focus hold=none prompts=0 left=17s
19:20:36 tier=T0 phase=focus hold=none prompts=0 left=15s
19:20:38 tier=T0 phase=focus hold=none prompts=0 left=13s
19:20:40 tier=T0 phase=focus hold=none prompts=0 left=11s
19:20:42 tier=T0 phase=focus hold=none prompts=0 left=9s
19:20:44 tier=T2 phase=focus hold=none prompts=0 left=7s
19:20:46 tier=T2 phase=focus hold=none prompts=0 left=5s
19:20:48 tier=T1 phase=focus hold=none prompts=0 left=3s
19:20:50 tier=T1 phase=focus hold=none prompts=0 left=1s
19:20:52 tier=T1 phase=focus hold=none prompts=0 left=-1s
19:20:54 tier=T2 phase=break hold=prompt prompts=1 left=180s
19:20:56 tier=T2 phase=break hold=prompt prompts=1 left=180s
19:20:58 tier=T2 phase=break hold=prompt prompts=1 left=180s
19:21:00 tier=T2 phase=break hold=prompt prompts=1 left=180s
19:21:02 tier=T2 phase=break hold=prompt prompts=1 left=180s
19:21:04 tier=T2 phase=break hold=prompt prompts=1 left=180s
19:21:06 tier=T2 phase=break hold=prompt prompts=1 left=180s
19:21:08 tier=T2 phase=break hold=prompt prompts=1 left=180s
19:21:10 tier=T2 phase=break hold=prompt prompts=1 left=180s
19:21:12 tier=T2 phase=break hold=prompt prompts=1 left=180s
19:21:14 tier=T2 phase=break hold=prompt prompts=1 left=180s
19:21:16 tier=T2 phase=break hold=prompt prompts=1 left=180s
19:21:18 tier=T2 phase=break hold=prompt prompts=1 left=180s
19:21:20 tier=T2 phase=break hold=prompt prompts=1 left=180s
19:21:22 tier=T2 phase=break hold=prompt prompts=1 left=180s
19:21:24 tier=T1 phase=break hold=none prompts=1 left=179s
19:21:26 tier=T1 phase=break hold=none prompts=1 left=177s
19:21:28 tier=T2 phase=break hold=prompt prompts=2 left=180s
19:21:30 tier=T2 phase=break hold=prompt prompts=2 left=180s
19:21:32 tier=T2 phase=break hold=prompt prompts=2 left=180s
19:21:34 tier=T2 phase=break hold=prompt prompts=2 left=180s
19:21:36 tier=T2 phase=break hold=prompt prompts=2 left=180s
19:21:38 tier=T2 phase=break hold=prompt prompts=2 left=180s
19:21:40 tier=T2 phase=break hold=prompt prompts=2 left=180s
19:21:42 tier=T2 phase=break hold=prompt prompts=2 left=180s
19:21:44 tier=T2 phase=break hold=prompt prompts=2 left=180s
19:21:46 tier=T2 phase=break hold=prompt prompts=2 left=180s
19:21:48 tier=T2 phase=break hold=prompt prompts=2 left=180s
19:21:50 tier=T2 phase=break hold=prompt prompts=2 left=180s
19:21:52 tier=T2 phase=break hold=prompt prompts=2 left=180s
19:21:55 tier=T2 phase=break hold=prompt prompts=2 left=180s
19:21:57 tier=T2 phase=break hold=prompt prompts=2 left=180s
19:21:59 tier=T2 phase=break hold=prompt prompts=2 left=180s
19:22:01 tier=T2 phase=break hold=prompt prompts=2 left=180s
19:22:03 tier=T2 phase=break hold=prompt prompts=2 left=180s
19:22:05 tier=T2 phase=break hold=prompt prompts=3 left=180s
19:22:07 tier=T2 phase=break hold=prompt prompts=3 left=180s
19:22:09 tier=T2 phase=break hold=prompt prompts=3 left=180s
19:22:11 tier=T2 phase=break hold=prompt prompts=3 left=180s
19:22:13 tier=T2 phase=break hold=prompt prompts=3 left=180s
19:22:15 tier=T2 phase=break hold=prompt prompts=3 left=180s
19:22:17 tier=T2 phase=focus hold=none prompts=0 left=58s
19:22:19 tier=T2 phase=focus hold=none prompts=0 left=56s
19:22:21 tier=T2 phase=focus hold=none prompts=0 left=54s
19:22:23 tier=T2 phase=focus hold=none prompts=0 left=52s
19:22:25 tier=T2 phase=focus hold=none prompts=0 left=50s
19:22:27 tier=T2 phase=focus hold=none prompts=0 left=48s
19:22:29 tier=T2 phase=focus hold=none prompts=0 left=46s
19:22:31 tier=T2 phase=focus hold=none prompts=0 left=44s
19:22:33 tier=T2 phase=focus hold=none prompts=0 left=42s
19:22:35 tier=T2 phase=focus hold=none prompts=0 left=40s
19:22:37 tier=T2 phase=focus hold=none prompts=0 left=38s
19:22:39 tier=T2 phase=focus hold=none prompts=0 left=36s
19:22:41 tier=T2 phase=focus hold=none prompts=0 left=34s
19:22:43 tier=T2 phase=focus hold=none prompts=0 left=32s
19:22:45 tier=T2 phase=focus hold=none prompts=0 left=30s
19:22:47 tier=T2 phase=focus hold=none prompts=0 left=28s
19:22:49 tier=T2 phase=focus hold=none prompts=0 left=26s
19:22:51 tier=T2 phase=focus hold=none prompts=0 left=24s
19:22:53 tier=T2 phase=focus hold=none prompts=0 left=22s
19:22:55 tier=T2 phase=focus hold=none prompts=0 left=20s
19:22:57 tier=T2 phase=focus hold=none prompts=0 left=18s
19:22:59 tier=T2 phase=focus hold=none prompts=0 left=16s
19:23:01 tier=T2 phase=focus hold=none prompts=0 left=14s
19:23:03 tier=T2 phase=focus hold=none prompts=0 left=12s
19:23:05 tier=T2 phase=focus hold=none prompts=0 left=10s
19:23:07 tier=T2 phase=focus hold=none prompts=0 left=8s
19:23:09 tier=T2 phase=focus hold=none prompts=0 left=6s
19:23:11 tier=T2 phase=focus hold=none prompts=0 left=4s
19:23:13 tier=T2 phase=focus hold=none prompts=0 left=2s
19:23:15 tier=T2 phase=focus hold=none prompts=0 left=0s
19:23:17 tier=T2 phase=focus hold=none prompts=0 left=-2s
19:23:19 tier=T2 phase=break hold=prompt prompts=1 left=180s
19:23:21 tier=T2 phase=break hold=prompt prompts=1 left=180s
19:23:23 tier=T2 phase=break hold=prompt prompts=1 left=180s
19:23:25 tier=T2 phase=break hold=prompt prompts=1 left=180s
19:23:27 tier=T2 phase=break hold=prompt prompts=1 left=180s
19:23:30 tier=T2 phase=break hold=prompt prompts=1 left=180s
19:23:32 tier=T2 phase=break hold=prompt prompts=1 left=180s
19:23:34 tier=T2 phase=break hold=prompt prompts=1 left=180s
19:23:36 tier=T2 phase=break hold=prompt prompts=1 left=180s
19:23:38 tier=T2 phase=break hold=prompt prompts=1 left=180s
19:23:40 tier=T2 phase=break hold=prompt prompts=1 left=180s
19:23:42 tier=T2 phase=break hold=prompt prompts=1 left=180s
19:23:44 tier=T2 phase=break hold=prompt prompts=1 left=180s
19:23:46 tier=T2 phase=break hold=prompt prompts=1 left=180s
19:23:48 tier=T2 phase=break hold=prompt prompts=1 left=180s
19:23:50 tier=T2 phase=break hold=prompt prompts=2 left=180s
19:23:52 tier=T2 phase=break hold=prompt prompts=2 left=180s
19:23:54 tier=T2 phase=break hold=prompt prompts=2 left=180s
19:23:56 tier=T2 phase=break hold=prompt prompts=2 left=180s
19:23:58 tier=T2 phase=break hold=prompt prompts=2 left=180s
19:24:00 tier=T2 phase=break hold=prompt prompts=2 left=180s
19:24:02 tier=T2 phase=break hold=prompt prompts=2 left=180s
19:24:04 tier=T2 phase=break hold=prompt prompts=2 left=180s
19:24:06 tier=T2 phase=break hold=prompt prompts=2 left=180s
19:24:08 tier=T2 phase=break hold=prompt prompts=2 left=180s
19:24:10 tier=T2 phase=break hold=prompt prompts=2 left=180s
19:24:12 tier=T2 phase=break hold=prompt prompts=2 left=180s
19:24:14 tier=T2 phase=break hold=prompt prompts=2 left=180s
19:24:16 tier=T2 phase=break hold=prompt prompts=2 left=180s
19:24:18 tier=T2 phase=break hold=prompt prompts=2 left=180s
19:24:20 tier=T2 phase=break hold=prompt prompts=2 left=180s
19:24:22 tier=T2 phase=break hold=prompt prompts=2 left=180s
19:24:24 tier=T2 phase=break hold=prompt prompts=3 left=180s
19:24:26 tier=T2 phase=break hold=prompt prompts=3 left=180s
19:24:28 tier=T2 phase=break hold=prompt prompts=3 left=180s
19:24:30 tier=T2 phase=break hold=prompt prompts=3 left=180s
19:24:32 tier=T2 phase=break hold=prompt prompts=3 left=180s
19:24:34 tier=T2 phase=break hold=prompt prompts=3 left=180s
19:24:36 tier=T2 phase=break hold=prompt prompts=3 left=180s
19:24:38 tier=T2 phase=break hold=prompt prompts=3 left=180s
19:24:40 tier=T2 phase=break hold=prompt prompts=3 left=180s
19:24:42 tier=T2 phase=break hold=prompt prompts=3 left=180s
19:24:44 tier=T2 phase=break hold=prompt prompts=3 left=180s
19:24:46 tier=T2 phase=break hold=prompt prompts=3 left=180s
19:24:48 tier=T2 phase=break hold=prompt prompts=3 left=180s
19:24:50 tier=T2 phase=break hold=prompt prompts=3 left=180s
19:24:52 tier=T2 phase=break hold=prompt prompts=3 left=180s
19:24:54 tier=T2 phase=break hold=prompt prompts=3 left=180s
19:24:56 tier=T2 phase=break hold=prompt prompts=3 left=180s
19:24:58 tier=T2 phase=break hold=pill prompts=3 left=180s
19:25:00 tier=T2 phase=break hold=pill prompts=3 left=180s
19:25:02 tier=T2 phase=break hold=pill prompts=3 left=180s
19:25:05 tier=T2 phase=break hold=pill prompts=3 left=180s
19:25:07 tier=T2 phase=break hold=pill prompts=3 left=180s
19:25:09 tier=T2 phase=break hold=pill prompts=3 left=180s
19:25:11 tier=T2 phase=break hold=pill prompts=3 left=180s
19:25:13 tier=T2 phase=break hold=pill prompts=3 left=180s
19:25:15 tier=T2 phase=break hold=pill prompts=3 left=180s
19:25:17 tier=T2 phase=break hold=pill prompts=3 left=180s
19:25:19 tier=T2 phase=break hold=pill prompts=3 left=180s
19:25:21 tier=T2 phase=break hold=pill prompts=3 left=180s
19:25:23 tier=T2 phase=break hold=pill prompts=3 left=180s
19:25:25 tier=T2 phase=break hold=pill prompts=3 left=180s
19:25:27 tier=T2 phase=break hold=pill prompts=3 left=180s
19:25:29 tier=T0 phase=break hold=pill prompts=3 left=180s
19:25:31 tier=T0 phase=break hold=pill prompts=3 left=180s
19:25:33 tier=T2 phase=break hold=pill prompts=3 left=180s
19:25:35 tier=T2 phase=break hold=pill prompts=3 left=180s
19:25:37 tier=T2 phase=break hold=pill prompts=3 left=180s
19:25:39 tier=T2 phase=break hold=pill prompts=3 left=180s
19:25:41 tier=T2 phase=break hold=pill prompts=3 left=180s
19:25:43 tier=T2 phase=break hold=pill prompts=3 left=180s
19:25:45 tier=T2 phase=break hold=pill prompts=3 left=180s
19:25:47 tier=T1 phase=break hold=none prompts=3 left=180s
19:25:49 tier=T1 phase=break hold=none prompts=3 left=178s
19:25:51 tier=T1 phase=break hold=none prompts=3 left=176s
19:25:53 tier=T1 phase=break hold=none prompts=3 left=174s
19:25:55 tier=T1 phase=break hold=none prompts=3 left=172s
19:25:57 tier=T2 phase=break hold=pill prompts=3 left=174s
19:25:59 tier=T2 phase=break hold=pill prompts=3 left=174s
19:26:01 tier=T2 phase=break hold=pill prompts=3 left=174s
19:26:03 tier=T2 phase=break hold=pill prompts=3 left=174s
19:26:05 tier=T2 phase=break hold=pill prompts=3 left=174s
19:26:07 tier=T2 phase=break hold=pill prompts=3 left=174s
19:26:09 tier=T2 phase=break hold=pill prompts=3 left=174s
19:26:11 tier=T2 phase=break hold=pill prompts=3 left=174s
19:26:13 tier=T2 phase=break hold=pill prompts=3 left=174s
19:26:15 tier=T2 phase=break hold=pill prompts=3 left=174s
19:26:17 tier=T2 phase=break hold=pill prompts=3 left=174s
19:26:19 tier=T2 phase=break hold=pill prompts=3 left=174s
19:26:21 tier=T2 phase=break hold=pill prompts=3 left=174s
19:26:23 tier=T2 phase=break hold=pill prompts=3 left=174s
19:26:25 tier=T2 phase=break hold=pill prompts=3 left=174s
19:26:27 tier=T2 phase=break hold=pill prompts=3 left=174s
19:26:29 tier=T2 phase=break hold=pill prompts=3 left=174s
19:26:31 tier=T2 phase=break hold=pill prompts=3 left=174s
19:26:33 tier=T2 phase=break hold=pill prompts=3 left=174s
19:26:35 tier=T2 phase=break hold=pill prompts=3 left=174s
19:26:37 tier=T2 phase=break hold=pill prompts=3 left=174s
19:26:40 tier=T2 phase=break hold=pill prompts=3 left=174s
19:26:42 tier=T2 phase=break hold=pill prompts=3 left=174s
19:26:44 tier=T2 phase=break hold=pill prompts=3 left=174s
19:26:46 tier=T2 phase=break hold=pill prompts=3 left=174s
19:26:48 tier=T2 phase=break hold=pill prompts=3 left=174s
19:26:50 tier=T2 phase=break hold=pill prompts=3 left=174s
19:26:52 tier=T2 phase=break hold=pill prompts=3 left=174s
19:26:54 tier=T2 phase=break hold=pill prompts=3 left=174s
19:26:56 tier=T2 phase=break hold=pill prompts=3 left=174s
19:26:58 tier=T2 phase=break hold=pill prompts=3 left=174s
19:27:00 tier=T2 phase=break hold=pill prompts=3 left=174s
19:27:02 tier=T2 phase=break hold=pill prompts=3 left=174s
19:27:04 tier=T2 phase=break hold=pill prompts=3 left=174s
19:27:06 tier=T2 phase=focus hold=none prompts=0 left=59s
19:27:08 tier=T2 phase=focus hold=none prompts=0 left=57s
19:27:10 tier=T2 phase=focus hold=none prompts=0 left=55s
19:27:12 tier=T2 phase=focus hold=none prompts=0 left=53s
19:27:14 tier=T2 phase=focus hold=none prompts=0 left=51s
19:27:16 tier=T2 phase=focus hold=none prompts=0 left=49s
19:27:18 tier=T2 phase=focus hold=none prompts=0 left=47s
19:27:20 tier=T2 phase=focus hold=none prompts=0 left=45s
19:27:22 tier=T2 phase=focus hold=none prompts=0 left=43s
19:27:24 tier=T2 phase=focus hold=none prompts=0 left=41s
19:27:26 tier=T2 phase=focus hold=none prompts=0 left=39s
19:27:28 tier=T2 phase=focus hold=none prompts=0 left=37s
19:27:30 tier=T2 phase=focus hold=none prompts=0 left=35s
19:27:32 tier=T2 phase=focus hold=none prompts=0 left=33s
19:27:34 tier=T2 phase=focus hold=none prompts=0 left=31s
19:27:36 tier=T2 phase=focus hold=none prompts=0 left=29s
19:27:38 tier=T2 phase=focus hold=none prompts=0 left=27s
19:27:40 tier=T2 phase=focus hold=none prompts=0 left=25s
19:27:42 tier=T2 phase=focus hold=none prompts=0 left=23s
19:27:44 tier=T2 phase=focus hold=none prompts=0 left=21s
19:27:46 tier=T2 phase=focus hold=none prompts=0 left=19s
19:27:48 tier=T2 phase=focus hold=none prompts=0 left=17s
19:27:50 tier=T2 phase=focus hold=none prompts=0 left=15s
19:27:52 tier=T2 phase=focus hold=none prompts=0 left=13s
19:27:54 tier=T2 phase=focus hold=none prompts=0 left=11s
19:27:56 tier=T2 phase=focus hold=none prompts=0 left=9s
19:27:58 tier=T2 phase=focus hold=none prompts=0 left=7s
19:28:00 tier=T2 phase=focus hold=none prompts=0 left=5s
19:28:02 tier=T2 phase=focus hold=none prompts=0 left=3s
19:28:04 tier=T2 phase=focus hold=none prompts=0 left=1s
19:28:06 tier=T2 phase=focus hold=none prompts=0 left=-1s
19:28:08 tier=T2 phase=break hold=prompt prompts=1 left=180s
19:28:10 tier=T2 phase=break hold=prompt prompts=1 left=180s
19:28:12 tier=T2 phase=focus hold=none prompts=0 left=60s
19:28:15 tier=T2 phase=focus hold=none prompts=0 left=57s
19:28:17 tier=T2 phase=focus hold=none prompts=0 left=55s
19:28:19 tier=T2 phase=focus hold=none prompts=0 left=53s
19:28:21 tier=T2 phase=focus hold=none prompts=0 left=51s
19:28:23 tier=T2 phase=focus hold=none prompts=0 left=49s
19:28:25 tier=T2 phase=focus hold=none prompts=0 left=47s
19:28:27 tier=T2 phase=focus hold=none prompts=0 left=45s
19:28:29 tier=T2 phase=focus hold=none prompts=0 left=43s
19:28:31 tier=T2 phase=focus hold=none prompts=0 left=41s
19:28:33 tier=T2 phase=focus hold=none prompts=0 left=39s
19:28:35 tier=T2 phase=focus hold=none prompts=0 left=37s
19:28:37 tier=T2 phase=focus hold=none prompts=0 left=35s
19:28:39 tier=T2 phase=focus hold=none prompts=0 left=33s
19:28:41 tier=T2 phase=focus hold=none prompts=0 left=31s
