19:45:46 tier=T0 phase=focus hold=none prompts=0 left=60s
19:45:48 tier=T0 phase=focus hold=none prompts=0 left=58s
19:45:50 tier=T0 phase=focus hold=none prompts=0 left=56s
19:45:52 tier=T0 phase=focus hold=none prompts=0 left=54s
19:45:54 tier=T0 phase=focus hold=none prompts=0 left=52s
19:45:56 tier=T0 phase=focus hold=none prompts=0 left=50s
19:45:58 tier=T0 phase=focus hold=none prompts=0 left=48s
19:46:00 tier=T0 phase=focus hold=none prompts=0 left=46s
19:46:02 tier=T0 phase=focus hold=none prompts=0 left=44s
19:46:04 tier=T0 phase=focus hold=none prompts=0 left=42s
19:46:06 tier=T0 phase=focus hold=none prompts=0 left=40s
19:46:08 tier=T0 phase=focus hold=none prompts=0 left=38s
19:46:10 tier=T0 phase=focus hold=none prompts=0 left=36s
19:46:12 tier=T0 phase=focus hold=none prompts=0 left=34s
19:46:14 tier=T0 phase=focus hold=none prompts=0 left=32s
19:46:16 tier=T0 phase=focus hold=none prompts=0 left=30s
19:46:18 tier=T0 phase=focus hold=none prompts=0 left=28s
19:46:20 tier=T0 phase=focus hold=none prompts=0 left=26s
19:46:22 tier=T0 phase=focus hold=none prompts=0 left=24s
19:46:24 tier=T0 phase=focus hold=none prompts=0 left=22s
19:46:26 tier=T0 phase=focus hold=none prompts=0 left=20s
19:46:28 tier=T0 phase=focus hold=none prompts=0 left=18s
19:46:30 tier=T0 phase=focus hold=none prompts=0 left=16s
19:46:32 tier=T0 phase=focus hold=none prompts=0 left=14s
19:46:34 tier=T0 phase=focus hold=none prompts=0 left=12s
19:46:36 tier=T0 phase=focus hold=none prompts=0 left=10s
19:46:38 tier=T0 phase=focus hold=none prompts=0 left=8s
19:46:40 tier=T0 phase=focus hold=none prompts=0 left=6s
19:46:42 tier=T0 phase=focus hold=none prompts=0 left=4s
19:46:44 tier=T0 phase=focus hold=none prompts=0 left=2s
19:46:46 tier=T0 phase=break hold=none prompts=0 left=180s
19:46:48 tier=T0 phase=break hold=none prompts=0 left=178s
19:46:50 tier=T0 phase=break hold=none prompts=0 left=176s
19:46:52 tier=T0 phase=break hold=none prompts=0 left=174s
19:46:54 tier=T0 phase=break hold=none prompts=0 left=172s
19:46:56 tier=T0 phase=break hold=none prompts=0 left=170s
19:46:58 tier=T0 phase=break hold=none prompts=0 left=168s
19:47:00 tier=T0 phase=break hold=none prompts=0 left=166s
19:47:02 tier=T0 phase=break hold=none prompts=0 left=164s
19:47:05 tier=T0 phase=break hold=none prompts=0 left=161s
19:47:07 tier=T0 phase=focus hold=none prompts=0 left=59s
19:47:09 tier=T0 phase=focus hold=none prompts=0 left=57s
19:47:11 tier=T0 phase=focus hold=none prompts=0 left=55s
19:47:13 tier=T0 phase=focus hold=none prompts=0 left=53s
19:47:15 tier=T0 phase=focus hold=none prompts=0 left=51s
19:47:17 tier=T0 phase=focus hold=none prompts=0 left=49s
19:47:19 tier=T0 phase=focus hold=none prompts=0 left=47s
19:47:21 tier=T0 phase=focus hold=none prompts=0 left=45s
19:47:23 tier=T0 phase=focus hold=none prompts=0 left=43s
19:47:25 tier=T0 phase=focus hold=none prompts=0 left=41s
19:47:27 tier=T1 phase=focus hold=none prompts=0 left=39s
19:47:29 tier=T1 phase=focus hold=none prompts=0 left=37s
19:47:31 tier=T1 phase=focus hold=none prompts=0 left=35s
19:47:33 tier=T1 phase=focus hold=none prompts=0 left=33s
19:47:35 tier=T1 phase=focus hold=none prompts=0 left=31s
19:47:37 tier=T1 phase=focus hold=none prompts=0 left=29s
19:47:39 tier=T1 phase=focus hold=none prompts=0 left=27s
19:47:41 tier=T1 phase=focus hold=none prompts=0 left=25s
19:47:43 tier=T2 phase=focus hold=none prompts=0 left=23s
19:47:45 tier=T2 phase=focus hold=none prompts=0 left=21s
19:47:47 tier=T2 phase=focus hold=none prompts=0 left=19s
19:47:49 tier=T2 phase=focus hold=none prompts=0 left=17s
19:47:51 tier=T2 phase=focus hold=none prompts=0 left=15s
19:47:53 tier=T2 phase=focus hold=none prompts=0 left=13s
19:47:55 tier=T2 phase=focus hold=none prompts=0 left=11s
19:47:57 tier=T2 phase=focus hold=none prompts=0 left=9s
19:47:59 tier=T2 phase=focus hold=none prompts=0 left=7s
19:48:01 tier=T2 phase=focus hold=none prompts=0 left=5s
19:48:03 tier=T2 phase=focus hold=none prompts=0 left=3s
19:48:05 tier=T2 phase=focus hold=none prompts=0 left=1s
19:48:07 tier=T2 phase=focus hold=none prompts=0 left=-1s
19:48:09 tier=T2 phase=focus hold=none prompts=0 left=-3s
19:48:11 tier=T2 phase=break hold=prompt prompts=1 left=180s
19:48:13 tier=T2 phase=break hold=prompt prompts=1 left=180s
19:48:15 tier=T2 phase=break hold=prompt prompts=1 left=180s
19:48:17 tier=T2 phase=break hold=prompt prompts=1 left=180s
19:48:19 tier=T2 phase=break hold=prompt prompts=1 left=180s
19:48:21 tier=T2 phase=break hold=prompt prompts=1 left=180s
19:48:23 tier=T2 phase=break hold=prompt prompts=1 left=180s
19:48:25 tier=T2 phase=break hold=prompt prompts=1 left=180s
19:48:27 tier=T2 phase=break hold=prompt prompts=1 left=180s
19:48:29 tier=T2 phase=break hold=prompt prompts=1 left=180s
19:48:31 tier=T2 phase=break hold=prompt prompts=1 left=180s
19:48:33 tier=T2 phase=break hold=prompt prompts=1 left=180s
19:48:35 tier=T2 phase=break hold=prompt prompts=1 left=180s
19:48:37 tier=T2 phase=break hold=prompt prompts=1 left=180s
19:48:40 tier=T2 phase=break hold=prompt prompts=1 left=180s
19:48:42 tier=T2 phase=break hold=prompt prompts=1 left=180s
19:48:44 tier=T2 phase=break hold=prompt prompts=1 left=180s
19:48:46 tier=T2 phase=break hold=prompt prompts=1 left=180s
19:48:48 tier=T2 phase=break hold=prompt prompts=1 left=180s
19:48:50 tier=T2 phase=break hold=prompt prompts=1 left=180s
19:48:52 tier=T2 phase=break hold=prompt prompts=1 left=180s
19:48:54 tier=T2 phase=break hold=prompt prompts=1 left=180s
19:48:56 tier=T2 phase=break hold=prompt prompts=1 left=180s
19:48:58 tier=T2 phase=break hold=prompt prompts=1 left=180s
19:49:00 tier=T2 phase=break hold=prompt prompts=1 left=180s
19:49:02 tier=T2 phase=break hold=prompt prompts=1 left=180s
19:49:04 tier=T2 phase=break hold=prompt prompts=1 left=180s
19:49:06 tier=T2 phase=break hold=prompt prompts=1 left=180s
19:49:08 tier=T2 phase=break hold=prompt prompts=1 left=180s
19:49:10 tier=T2 phase=break hold=prompt prompts=1 left=180s
19:49:12 tier=T2 phase=break hold=prompt prompts=1 left=180s
19:49:14 tier=T2 phase=break hold=prompt prompts=1 left=180s
19:49:16 tier=T2 phase=break hold=prompt prompts=1 left=180s
19:49:18 tier=T2 phase=break hold=prompt prompts=2 left=180s
19:49:20 tier=T2 phase=break hold=prompt prompts=2 left=180s
19:49:22 tier=T2 phase=break hold=prompt prompts=2 left=180s
19:49:24 tier=T2 phase=break hold=prompt prompts=2 left=180s
19:49:26 tier=T2 phase=break hold=prompt prompts=2 left=180s
19:49:28 tier=T2 phase=break hold=prompt prompts=2 left=180s
19:49:30 tier=T2 phase=break hold=prompt prompts=2 left=180s
19:49:32 tier=T2 phase=break hold=prompt prompts=2 left=180s
19:49:34 tier=T2 phase=break hold=prompt prompts=2 left=180s
19:49:36 tier=T2 phase=break hold=prompt prompts=2 left=180s
19:49:38 tier=T2 phase=break hold=prompt prompts=2 left=180s
19:49:40 tier=T2 phase=break hold=prompt prompts=2 left=180s
19:49:42 tier=T2 phase=break hold=prompt prompts=2 left=180s
19:49:44 tier=T2 phase=break hold=prompt prompts=2 left=180s
19:49:46 tier=T2 phase=break hold=prompt prompts=2 left=180s
19:49:48 tier=T2 phase=break hold=prompt prompts=2 left=180s
19:49:50 tier=T2 phase=break hold=prompt prompts=2 left=180s
19:49:52 tier=T2 phase=break hold=prompt prompts=2 left=180s
19:49:54 tier=T2 phase=break hold=prompt prompts=2 left=180s
19:49:56 tier=T2 phase=break hold=prompt prompts=2 left=180s
19:49:58 tier=T2 phase=break hold=prompt prompts=2 left=180s
19:50:00 tier=T2 phase=break hold=prompt prompts=2 left=180s
19:50:02 tier=T2 phase=break hold=prompt prompts=2 left=180s
19:50:04 tier=T2 phase=break hold=prompt prompts=2 left=180s
19:50:06 tier=T2 phase=break hold=prompt prompts=2 left=180s
19:50:08 tier=T2 phase=break hold=prompt prompts=2 left=180s
19:50:10 tier=T2 phase=break hold=prompt prompts=2 left=180s
19:50:12 tier=T2 phase=break hold=prompt prompts=2 left=180s
19:50:15 tier=T2 phase=break hold=prompt prompts=2 left=180s
19:50:17 tier=T2 phase=break hold=prompt prompts=2 left=180s
19:50:19 tier=T2 phase=break hold=prompt prompts=2 left=180s
19:50:21 tier=T2 phase=break hold=prompt prompts=2 left=180s
19:50:23 tier=T2 phase=break hold=prompt prompts=3 left=180s
19:50:25 tier=T2 phase=break hold=prompt prompts=3 left=180s
19:50:27 tier=T2 phase=break hold=prompt prompts=3 left=180s
19:50:29 tier=T2 phase=break hold=prompt prompts=3 left=180s
19:50:31 tier=T2 phase=break hold=prompt prompts=3 left=180s
19:50:33 tier=T2 phase=break hold=prompt prompts=3 left=180s
19:50:35 tier=T2 phase=break hold=prompt prompts=3 left=180s
19:50:37 tier=T2 phase=break hold=prompt prompts=3 left=180s
19:50:39 tier=T2 phase=break hold=prompt prompts=3 left=180s
19:50:41 tier=T2 phase=break hold=prompt prompts=3 left=180s
19:50:43 tier=T2 phase=break hold=prompt prompts=3 left=180s
19:50:45 tier=T2 phase=break hold=prompt prompts=3 left=180s
19:50:47 tier=T2 phase=break hold=prompt prompts=3 left=180s
19:50:49 tier=T2 phase=break hold=prompt prompts=3 left=180s
19:50:51 tier=T2 phase=break hold=prompt prompts=3 left=180s
19:50:53 tier=T2 phase=break hold=prompt prompts=3 left=180s
19:50:55 tier=T2 phase=break hold=prompt prompts=3 left=180s
19:50:57 tier=T2 phase=break hold=prompt prompts=3 left=180s
19:50:59 tier=T2 phase=break hold=prompt prompts=3 left=180s
19:51:01 tier=T2 phase=break hold=prompt prompts=3 left=180s
19:51:03 tier=T2 phase=break hold=prompt prompts=3 left=180s
19:51:05 tier=T2 phase=break hold=prompt prompts=3 left=180s
19:51:07 tier=T2 phase=break hold=prompt prompts=3 left=180s
19:51:09 tier=T2 phase=break hold=prompt prompts=3 left=180s
19:51:11 tier=T2 phase=break hold=prompt prompts=3 left=180s
19:51:13 tier=T2 phase=break hold=prompt prompts=3 left=180s
19:51:15 tier=T2 phase=break hold=prompt prompts=3 left=180s
19:51:17 tier=T2 phase=break hold=prompt prompts=3 left=180s
19:51:19 tier=T2 phase=break hold=prompt prompts=3 left=180s
19:51:21 tier=T2 phase=break hold=pill prompts=3 left=180s
19:51:23 tier=T2 phase=break hold=pill prompts=3 left=180s
19:51:25 tier=T2 phase=break hold=pill prompts=3 left=180s
19:51:27 tier=T2 phase=break hold=pill prompts=3 left=180s
19:51:29 tier=T2 phase=break hold=pill prompts=3 left=180s
19:51:31 tier=T2 phase=break hold=pill prompts=3 left=180s
19:51:33 tier=T2 phase=break hold=pill prompts=3 left=180s
19:51:35 tier=T2 phase=break hold=pill prompts=3 left=180s
19:51:37 tier=T2 phase=break hold=pill prompts=3 left=180s
19:51:39 tier=T2 phase=break hold=pill prompts=3 left=180s
19:51:41 tier=T2 phase=break hold=pill prompts=3 left=180s
